2026-08-19T16:24:09.783+0800	INFO	orchestrator/orch_build.go:33	orchestrator stage	{"trace_id": "5d04e82c784f4e251246002f2b7a74ae", "span_id": "31589060b2f9321c", "stage": "loadPackages", "elapsed": "23.799924ms"}
2026-08-19T16:24:09.785+0800	INFO	ssa/adapter_index.go:43	build stage	{"trace_id": "5d04e82c784f4e251246002f2b7a74ae", "span_id": "31589060b2f9321c", "stage": "ssautil.Packages", "elapsed": "1.173504ms", "heap_mb": 0}
2026-08-19T16:24:09.785+0800	INFO	ssa/adapter_index.go:43	build stage	{"trace_id": "5d04e82c784f4e251246002f2b7a74ae", "span_id": "31589060b2f9321c", "stage": "释放依赖 AST", "elapsed": "355.622µs", "heap_mb": 0}
2026-08-19T16:24:09.785+0800	INFO	ssa/adapter_index.go:43	build stage	{"trace_id": "5d04e82c784f4e251246002f2b7a74ae", "span_id": "31589060b2f9321c", "stage": "buildIdentIndex", "elapsed": "109.183µs", "heap_mb": 1}
2026-08-19T16:24:09.786+0800	INFO	ssa/adapter_index.go:272	build progress	{"trace_id": "5d04e82c784f4e251246002f2b7a74ae", "span_id": "31589060b2f9321c", "pkg": "xorm.io/xorm", "funcs": 9, "done": 9, "total": 14, "percent": 64, "elapsed": "101.879µs"}
2026-08-19T16:24:09.786+0800	INFO	ssa/adapter_index.go:272	build progress	{"trace_id": "5d04e82c784f4e251246002f2b7a74ae", "span_id": "31589060b2f9321c", "pkg": "example.com/bizidsame", "funcs": 5, "done": 14, "total": 14, "percent": 100, "elapsed": "357.636µs"}
2026-08-19T16:24:09.787+0800	INFO	ssa/adapter_index.go:286	pkg cache	{"trace_id": "5d04e82c784f4e251246002f2b7a74ae", "span_id": "31589060b2f9321c", "hits": 0, "total": 2}
2026-08-19T16:24:09.787+0800	INFO	ssa/adapter_index.go:43	build stage	{"trace_id": "5d04e82c784f4e251246002f2b7a74ae", "span_id": "31589060b2f9321c", "stage": "emitFunction 循环（全库函数块池 + 缓存）", "elapsed": "1.643678ms", "heap_mb": 1}
2026-08-19T16:24:09.787+0800	INFO	ssa/alias_compute.go:65	alias progress	{"funcs": 8, "total": 8, "percent": 100, "elapsed": "3.266µs"}
2026-08-19T16:24:09.787+0800	INFO	ssa/adapter_index.go:43	build stage	{"trace_id": "5d04e82c784f4e251246002f2b7a74ae", "span_id": "31589060b2f9321c", "stage": "computeAliases", "elapsed": "193.981µs", "heap_mb": 1}
2026-08-19T16:24:09.787+0800	INFO	ssa/adapter_index.go:43	build stage	{"trace_id": "5d04e82c784f4e251246002f2b7a74ae", "span_id": "31589060b2f9321c", "stage": "emitSummaries", "elapsed": "36.117µs", "heap_mb": 1}
2026-08-19T16:24:09.787+0800	INFO	ssa/adapter_index.go:43	build stage	{"trace_id": "5d04e82c784f4e251246002f2b7a74ae", "span_id": "31589060b2f9321c", "stage": "emitDispatches", "elapsed": "55.353µs", "heap_mb": 1}
2026-08-19T16:24:09.816+0800	INFO	orchestrator/orch_run.go:108	consume progress	{"trace_id": "5d04e82c784f4e251246002f2b7a74ae", "span_id": "31589060b2f9321c", "items": 500, "elapsed": "33.107427ms"}
2026-08-19T16:24:09.817+0800	INFO	orchestrator/orch_run.go:108	consume progress	{"trace_id": "5d04e82c784f4e251246002f2b7a74ae", "span_id": "31589060b2f9321c", "items": 1000, "elapsed": "33.379724ms"}
2026-08-19T16:24:09.865+0800	INFO	orchestrator/orch_run.go:149	orchestrator stage	{"trace_id": "5d04e82c784f4e251246002f2b7a74ae", "span_id": "31589060b2f9321c", "stage": "adapters done", "elapsed": "82.012032ms"}
2026-08-19T16:24:09.871+0800	INFO	orchestrator/orch_run.go:256	retry FK-failed items	{"edges": 1044, "summaries": 0, "origins": 0}
2026-08-19T16:24:09.875+0800	INFO	orchestrator/orch_run.go:156	orchestrator stage	{"trace_id": "5d04e82c784f4e251246002f2b7a74ae", "span_id": "31589060b2f9321c", "stage": "flush done", "elapsed": "91.30545ms"}
2026-08-19T16:24:09.875+0800	INFO	orchestrator/orch_build.go:33	orchestrator stage	{"trace_id": "5d04e82c784f4e251246002f2b7a74ae", "span_id": "31589060b2f9321c", "stage": "runAdapters", "elapsed": "91.341647ms"}
{
	"Name": "codeintel.main",
	"SpanContext": {
		"TraceID": "5d04e82c784f4e251246002f2b7a74ae",
		"SpanID": "31589060b2f9321c",
		"TraceFlags": "01",
		"TraceState": "",
		"Remote": false
	},
	"Parent": {
		"TraceID": "00000000000000000000000000000000",
		"SpanID": "0000000000000000",
		"TraceFlags": "00",
		"TraceState": "",
		"Remote": false
	},
	"SpanKind": 1,
	"StartTime": "2026-08-19T16:24:09.747356979+08:00",
	"EndTime": "2026-08-19T16:24:09.882295717+08:00",
	"Attributes": null,
	"Events": null,
	"Links": null,
	"Status": {
		"Code": "Unset",
		"Description": ""
	},
	"DroppedAttributes": 0,
	"DroppedEvents": 0,
	"DroppedLinks": 0,
	"ChildSpanCount": 0,
	"Resource": [
		{
			"Key": "service.name",
			"Value": {
				"Type": "STRING",
				"Value": "codeintel"
			}
		}
	],
	"InstrumentationScope": {
		"Name": "codeintel",
		"Version": "",
		"SchemaURL": "",
		"Attributes": null
	},
	"InstrumentationLibrary": {
		"Name": "codeintel",
		"Version": "",
		"SchemaURL": "",
		"Attributes": null
	}
}
2026-08-19T16:24:09.891+0800	INFO	action/action_query.go:94	enter (Actions).SetRelationHops	{"hops": {"query":4,"write":0,"read":4}}
2026-08-19T16:24:09.891+0800	INFO	action/action_query.go:100	exit (Actions).SetRelationHops
2026-08-19T16:24:09.891+0800	INFO	action/action_query.go:76	enter (Actions).Relations	{"table": "a_tab", "memory_mode": ""}
2026-08-19T16:24:09.891+0800	INFO	sqlite/rg_bfs.go:20	enter loadRelationGraph
2026-08-19T16:24:09.892+0800	INFO	sqlite/rg_bfs.go:23	exit loadRelationGraph	{"elapsed": "982.608µs"}
2026-08-19T16:24:09.892+0800	INFO	sqlite/rg_cache.go:68	relations graph loaded	{"key": "bcc81d9a982c865b:q210", "elapsed": "1.069079ms"}
2026-08-19T16:24:09.895+0800	INFO	action/action_query.go:78	exit (Actions).Relations
{
	"Name": "codeintel.main",
	"SpanContext": {
		"TraceID": "2f4e275624222f37d0422b766bb74e6a",
		"SpanID": "95758b7a9f855153",
		"TraceFlags": "01",
		"TraceState": "",
		"Remote": false
	},
	"Parent": {
		"TraceID": "00000000000000000000000000000000",
		"SpanID": "0000000000000000",
		"TraceFlags": "00",
		"TraceState": "",
		"Remote": false
	},
	"SpanKind": 1,
	"StartTime": "2026-08-19T16:24:09.888765958+08:00",
	"EndTime": "2026-08-19T16:24:09.900572661+08:00",
	"Attributes": null,
	"Events": null,
	"Links": null,
	"Status": {
		"Code": "Unset",
		"Description": ""
	},
	"DroppedAttributes": 0,
	"DroppedEvents": 0,
	"DroppedLinks": 0,
	"ChildSpanCount": 0,
	"Resource": [
		{
			"Key": "service.name",
			"Value": {
				"Type": "STRING",
				"Value": "codeintel"
			}
		}
	],
	"InstrumentationScope": {
		"Name": "codeintel",
		"Version": "",
		"SchemaURL": "",
		"Attributes": null
	},
	"InstrumentationLibrary": {
		"Name": "codeintel",
		"Version": "",
		"SchemaURL": "",
		"Attributes": null
	}
}
2026-08-19T16:25:11.513+0800	INFO	action/action_query.go:94	enter (Actions).SetRelationHops	{"hops": {"query":4,"write":0,"read":4}}
2026-08-19T16:25:11.513+0800	INFO	action/action_query.go:100	exit (Actions).SetRelationHops
2026-08-19T16:25:11.513+0800	INFO	action/action_query.go:76	enter (Actions).Relations	{"table": "a_tab", "memory_mode": "sql"}
2026-08-19T16:25:11.513+0800	INFO	action/action_query.go:78	exit (Actions).Relations
{
	"Name": "codeintel.main",
	"SpanContext": {
		"TraceID": "6ac6958f1300e8e04d3001d5d08e8a95",
		"SpanID": "c187512c03c2bfe7",
		"TraceFlags": "01",
		"TraceState": "",
		"Remote": false
	},
	"Parent": {
		"TraceID": "00000000000000000000000000000000",
		"SpanID": "0000000000000000",
		"TraceFlags": "00",
		"TraceState": "",
		"Remote": false
	},
	"SpanKind": 1,
	"StartTime": "2026-08-19T16:25:11.510510869+08:00",
	"EndTime": "2026-08-19T16:25:11.513627537+08:00",
	"Attributes": null,
	"Events": null,
	"Links": null,
	"Status": {
		"Code": "Unset",
		"Description": ""
	},
	"DroppedAttributes": 0,
	"DroppedEvents": 0,
	"DroppedLinks": 0,
	"ChildSpanCount": 0,
	"Resource": [
		{
			"Key": "service.name",
			"Value": {
				"Type": "STRING",
				"Value": "codeintel"
			}
		}
	],
	"InstrumentationScope": {
		"Name": "codeintel",
		"Version": "",
		"SchemaURL": "",
		"Attributes": null
	},
	"InstrumentationLibrary": {
		"Name": "codeintel",
		"Version": "",
		"SchemaURL": "",
		"Attributes": null
	}
}
2026-08-19T16:25:11.519+0800	INFO	action/action_query.go:94	enter (Actions).SetRelationHops	{"hops": {"query":4,"write":0,"read":4}}
2026-08-19T16:25:11.519+0800	INFO	action/action_query.go:100	exit (Actions).SetRelationHops
2026-08-19T16:25:11.519+0800	INFO	action/action_query.go:76	enter (Actions).Relations	{"table": "a_tab", "memory_mode": "full"}
2026-08-19T16:25:11.519+0800	INFO	action/action_query.go:78	exit (Actions).Relations
{
	"Name": "codeintel.main",
	"SpanContext": {
		"TraceID": "938a08e1b632ccefc6bbf2d7d26ef6b0",
		"SpanID": "e58db30a86f892ed",
		"TraceFlags": "01",
		"TraceState": "",
		"Remote": false
	},
	"Parent": {
		"TraceID": "00000000000000000000000000000000",
		"SpanID": "0000000000000000",
		"TraceFlags": "00",
		"TraceState": "",
		"Remote": false
	},
	"SpanKind": 1,
	"StartTime": "2026-08-19T16:25:11.517401988+08:00",
	"EndTime": "2026-08-19T16:25:11.520139892+08:00",
	"Attributes": null,
	"Events": null,
	"Links": null,
	"Status": {
		"Code": "Unset",
		"Description": ""
	},
	"DroppedAttributes": 0,
	"DroppedEvents": 0,
	"DroppedLinks": 0,
	"ChildSpanCount": 0,
	"Resource": [
		{
			"Key": "service.name",
			"Value": {
				"Type": "STRING",
				"Value": "codeintel"
			}
		}
	],
	"InstrumentationScope": {
		"Name": "codeintel",
		"Version": "",
		"SchemaURL": "",
		"Attributes": null
	},
	"InstrumentationLibrary": {
		"Name": "codeintel",
		"Version": "",
		"SchemaURL": "",
		"Attributes": null
	}
}
